🚀 Server running on port 3000
Running AI Swarm...
🤖 Simulated AI running...
🤖 Simulated AI running...
🚀 Deployment Agent starting...
#0 building with "desktop-linux" instance using docker driver

#1 [internal] load build definition from Dockerfile
#1 transferring dockerfile: 2B done
#1 DONE 0.0s
ERROR: failed to solve: failed to read dockerfile: open Dockerfile: no such file or directory

View build details: docker-desktop://dashboard/build/desktop-linux/desktop-linux/xyvh0eicl68q5gbo0cttmc1mz

Running AI Swarm...
🤖 Simulated AI running...
🤖 Simulated AI running...
🚀 Deployment Agent starting...
#0 building with "desktop-linux" instance using docker driver

#1 [internal] load build definition from Dockerfile
#1 transferring dockerfile: 2B done
#1 DONE 0.0s
ERROR: failed to solve: failed to read dockerfile: open Dockerfile: no such file or directory

View build details: docker-desktop://dashboard/build/desktop-linux/desktop-linux/vxxjiixms2gnud2zrhr7csp71

